// Jest Snapshot v1, https://goo.gl/fbAQLP

exports[`ShowcaseItem component should render 1`] = `
.c4 {
  max-width: 500px;
}

.c5 {
  fill: skyblue;
  -webkit-transition: 0.3s;
  transition: 0.3s;
}

.c5:hover {
  fill: navy;
}

.c0 {
  border-top: 1px solid #f3f3f3;
  display: grid;
  grid-row-gap: 1rem;
  grid-template-columns: 1fr;
  padding: 1rem 0;
}

.c1 {
  margin: 2rem 0 0;
}

.c2 {
  margin: 0 0 1rem;
}

.c3 {
  grid-row: 1;
  max-width: 400px;
}

@media (min-width:700px) {
  .c0 {
    grid-column-gap: 1rem;
    grid-template-columns: 1fr 400px;
    grid-template-rows: max-content;
    padding: 1rem 0.5rem;
  }
}

@media (min-width:700px) {
  .c3 {
    grid-column: 2;
    grid-row: 1 / 3;
  }
}

<div
  class="c0"
>
  <h4
    class="c1"
  >
    Showcase Title
  </h4>
  <div>
    <p
      class="c2"
    >
      A description of the showcase
    </p>
    <p
      class="c2"
    >
      Another paragraph
    </p>
  </div>
  <div
    class="c3"
  >
    <svg
      class="c4"
      viewBox="0 0 500 400"
    >
      <text
        x="420"
        y="176.66666666666666"
      >
        Average
      </text>
      <line
        stroke="green"
        stroke-dasharray="2"
        stroke-width="1"
        x1="50"
        x2="450"
        y1="181.66666666666666"
        y2="181.66666666666666"
      />
      <line
        stroke="grey"
        stroke-width="1"
        x1="50"
        x2="50"
        y1="35"
        y2="365"
      />
      <text
        text-anchor="end"
        x="45"
        y="40"
      >
        68
      </text>
      <text
        text-anchor="end"
        x="45"
        y="186.66666666666666"
      >
        60
      </text>
      <text
        transform="rotate(270) translate(-225, -180)"
        x="0"
        y="200"
      >
        Minutes
      </text>
      <text
        text-anchor="end"
        x="45"
        y="370"
      >
        50
      </text>
      <text
        x="250"
        y="398"
      >
        Index
      </text>
      <line
        stroke="grey"
        stroke-width="1"
        x1="50"
        x2="480"
        y1="365"
        y2="365"
      />
      <g>
        <rect
          class="c5"
          data-testid="barChart"
          height="146.66666666666666"
          rx="3"
          width="30"
          x="50"
          y="218.33333333333334"
        />
        <text
          x="58"
          y="380"
        >
          0
        </text>
      </g>
      <g>
        <rect
          class="c5"
          data-testid="barChart"
          height="311.6666666666667"
          rx="3"
          width="30"
          x="107.14285714285714"
          y="53.333333333333314"
        />
        <text
          x="115.14285714285714"
          y="380"
        >
          1
        </text>
      </g>
      <g>
        <rect
          class="c5"
          data-testid="barChart"
          height="146.66666666666666"
          rx="3"
          width="30"
          x="164.28571428571428"
          y="218.33333333333334"
        />
        <text
          x="172.28571428571428"
          y="380"
        >
          2
        </text>
      </g>
      <g>
        <rect
          class="c5"
          data-testid="barChart"
          height="238.33333333333334"
          rx="3"
          width="30"
          x="221.42857142857142"
          y="126.66666666666666"
        />
        <text
          x="229.42857142857142"
          y="380"
        >
          3
        </text>
      </g>
      <g>
        <rect
          class="c5"
          data-testid="barChart"
          height="238.33333333333334"
          rx="3"
          width="30"
          x="278.57142857142856"
          y="126.66666666666666"
        />
        <text
          x="286.57142857142856"
          y="380"
        >
          4
        </text>
      </g>
      <g>
        <rect
          class="c5"
          data-testid="barChart"
          height="220"
          rx="3"
          width="30"
          x="335.7142857142857"
          y="145"
        />
        <text
          x="343.7142857142857"
          y="380"
        >
          5
        </text>
      </g>
      <g>
        <rect
          class="c5"
          data-testid="barChart"
          height="36.666666666666686"
          rx="3"
          width="30"
          x="392.85714285714283"
          y="328.3333333333333"
        />
        <text
          x="400.85714285714283"
          y="380"
        >
          6
        </text>
      </g>
      <g>
        <rect
          class="c5"
          data-testid="barChart"
          height="73.33333333333331"
          rx="3"
          width="30"
          x="450"
          y="291.6666666666667"
        />
        <text
          x="458"
          y="380"
        >
          7
        </text>
      </g>
    </svg>
  </div>
</div>
`;
