// Jest Snapshot v1, https://goo.gl/fbAQLP

exports[`PageHome component should render 1`] = `
.c0 {
  -webkit-align-items: center;
  -webkit-box-align: center;
  -ms-flex-align: center;
  align-items: center;
  display: -webkit-box;
  display: -webkit-flex;
  display: -ms-flexbox;
  display: flex;
  -webkit-flex-direction: column;
  -ms-flex-direction: column;
  flex-direction: column;
  padding: 2rem 0 0;
}

.c1 {
  display: grid;
  max-width: 365px;
}

.c2 {
  border-radius: 3px;
  margin: 0 auto;
  width: 325px;
}

.c3 {
  margin: 1rem 0 0;
}

@media (min-width:600px) {
  .c1 {
    grid-column-gap: 1rem;
    grid-template-columns: 1fr 1fr;
    grid-template-rows: max-content;
    max-width: none;
  }
}

@media (min-width:600px) {
  .c2 {
    grid-row: 1 / 3;
  }
}

<div
  class="c0"
  data-testid="pageHome"
>
  <div
    class="c1"
  >
    <img
      alt="pagey"
      class="c2"
      src="pagey.jpg"
    />
    <p
      class="c3"
    >
      Yo, my name is Dan, I'm a JavaScript Developer and I enjoy building apps to solve problems.
    </p>
    <p
      class="c3"
    >
      I have always appreciated a good data vizualisation and so I'm learning to use D3.js within React apps. Hopefully, I can build something cool and interactive. Until then, this is my playground.
    </p>
  </div>
</div>
`;
