// Jest Snapshot v1, https://goo.gl/fbAQLP

exports[`ScatterPlot component should render 1`] = `
.c0 {
  max-width: 500px;
}

<div>
  <svg
    class="c0"
    viewBox="0 0 500 400"
  >
    <line
      stroke="grey"
      stroke-width="1"
      x1="50"
      x2="50"
      y1="365"
      y2="35"
    />
    <text
      text-anchor="end"
      x="45"
      y="40"
    >
      10
    </text>
    <text
      transform="rotate(270) translate(-225, -180)"
      x="-25"
      y="200"
    >
      Cups of coffee ‚òïÔ∏è Ô∏è
    </text>
    <text
      text-anchor="end"
      x="45"
      y="370"
    >
      0
    </text>
    <text
      x="190"
      y="398"
    >
      Hours of sleep üò¥
    </text>
    <line
      stroke="grey"
      stroke-width="1"
      x1="50"
      x2="450"
      y1="365"
      y2="365"
    />
    <g>
      <circle
        cx="183.33333333333331"
        cy="167"
        data-testid="scatterPlotPoint0"
        fill="green"
        r="9"
      />
    </g>
    <g>
      <circle
        cx="150"
        cy="167"
        data-testid="scatterPlotPoint1"
        fill="green"
        r="9"
      />
    </g>
    <g>
      <circle
        cx="383.33333333333337"
        cy="299"
        data-testid="scatterPlotPoint2"
        fill="green"
        r="9"
      />
    </g>
    <g>
      <circle
        cx="350"
        cy="332"
        data-testid="scatterPlotPoint3"
        fill="green"
        r="9"
      />
    </g>
    <g>
      <circle
        cx="250"
        cy="266"
        data-testid="scatterPlotPoint4"
        fill="green"
        r="9"
      />
    </g>
    <g>
      <circle
        cx="216.66666666666669"
        cy="233"
        data-testid="scatterPlotPoint5"
        fill="green"
        r="9"
      />
    </g>
    <g>
      <circle
        cx="150"
        cy="200"
        data-testid="scatterPlotPoint6"
        fill="green"
        r="9"
      />
    </g>
    <g>
      <circle
        cx="383.33333333333337"
        cy="332"
        data-testid="scatterPlotPoint7"
        fill="green"
        r="9"
      />
    </g>
    <g>
      <circle
        cx="183.33333333333331"
        cy="233"
        data-testid="scatterPlotPoint8"
        fill="green"
        r="9"
      />
    </g>
  </svg>
</div>
`;
